
> food-donation-backend@1.0.0 test
> jest --coverage --testEnvironment=node --forceExit --testPathPattern=auth.test.js --forceExit

node.exe : (node:21620) [DEP0169] DeprecationWarning: `url.parse()` behavior is not standardized and prone to errors 
that have security implications. Use the WHATWG URL API instead. CVEs are not issued for `url.parse()` vulnerabilities.
At line:1 char:1
+ & "C:\Program Files\nodejs/node.exe" "C:\Program Files\nodejs/node_mo ...
+ ~~~~~~~~~~~~~~~~~~~~~~~~~~~~~~~~~~~~~~~~~~~~~~~~~~~~~~~~~~~~~~~~~~~~~
    + CategoryInfo          : NotSpecified: ((node:21620) [D...ulnerabilities.:String) [], RemoteException
    + FullyQualifiedErrorId : NativeCommandError
 
(Use `node --trace-deprecation ...` to show where the warning was created)
  console.log
    Γ£à MongoDB Connected: ac-0bawbia-shard-00-00.msd0te7.mongodb.net

      at log (config/db.js:49:13)

  console.warn
    ΓÜá∩╕Å  MongoDB disconnected. Attempting to reconnect...

    [0m [90m 50 |[39m
     [90m 51 |[39m     mongoose[33m.[39mconnection[33m.[39mon([32m'disconnected'[39m[33m,[39m () [33m=>[39m {
    [31m[1m>[22m[39m[90m 52 |[39m       console[33m.[39mwarn([32m'ΓÜá∩╕Å  MongoDB disconnected. Attempting to reconnect...'[39m)[33m;[39m
     [90m    |[39m               [31m[1m^[22m[39m
     [90m 53 |[39m     })[33m;[39m
     [90m 54 |[39m
     [90m 55 |[39m     mongoose[33m.[39mconnection[33m.[39mon([32m'reconnected'[39m[33m,[39m () [33m=>[39m {[0m

      at NativeConnection.warn (config/db.js:52:15)
      at NativeConnection.set (node_modules/mongoose/lib/connection.js:149:12)
      at NativeConnection.onClose (node_modules/mongoose/lib/connection.js:1319:19)
      at NativeConnection._close (node_modules/mongoose/lib/connection.js:1268:12)
      at Object.<anonymous> (tests/auth.test.js:47:3)

FAIL tests/auth.test.js (23.593 s)
  POST /api/auth/register
    ΓêÜ should register a new donor user successfully (3020 ms)
    ├ù should return 400 for duplicate email registration (134 ms)
    ├ù should return 400 when required fields are missing (38 ms)
    ├ù should register an admin user for subsequent role tests (38 ms)
  POST /api/auth/login
    ΓêÜ should login the donor user and return valid JWT tokens (1456 ms)
    ├ù should login the admin user and save admin token (61 ms)
    ΓêÜ should return 401 for a wrong password (1348 ms)
    ΓêÜ should return 401 for a non-existent email (48 ms)
  GET /api/users/me ΓÇö protected route
    ΓêÜ should return 401 when no token is provided (27 ms)
    ΓêÜ should return 401 for a malformed / invalid token (29 ms)
    ├ù should return the current user profile with a valid token (67 ms)
  POST /api/auth/refresh
    ΓêÜ should return 400 when no refresh token is provided (67 ms)
    ΓêÜ should issue a new access token with a valid refresh token (93 ms)
  GET /api/admin/dashboard-summary ΓÇö admin-only route
    ΓêÜ should return 403 when accessed with a non-admin (donor) token (68 ms)
    ├ù should return 200 with dashboard data when accessed by an admin (29 ms)
  POST /api/auth/logout
    ΓêÜ should return 401 when logging out without a token (46 ms)
    ΓêÜ should successfully log out the authenticated user (102 ms)

  ΓùÅ POST /api/auth/register ΓÇ║ should return 400 for duplicate email registration

    expected 400 "Bad Request", got 409 "Conflict"

    [0m [90m 68 |[39m       [33m.[39mpost([32m'/api/auth/register'[39m)
     [90m 69 |[39m       [33m.[39msend(testUser)
    [31m[1m>[22m[39m[90m 70 |[39m       [33m.[39mexpect([35m400[39m)[33m;[39m
     [90m    |[39m        [31m[1m^[22m[39m
     [90m 71 |[39m
     [90m 72 |[39m     expect(res[33m.[39mbody[33m.[39msuccess)[33m.[39mtoBe([36mfalse[39m)[33m;[39m
     [90m 73 |[39m   })[33m;[39m[0m

      at Object.expect (tests/auth.test.js:70:8)
      ----
      at Test._assertStatus (node_modules/supertest/lib/test.js:252:14)
      at node_modules/supertest/lib/test.js:308:13
      at Test._assertFunction (node_modules/supertest/lib/test.js:285:13)
      at Test.assert (node_modules/supertest/lib/test.js:164:23)
      at Server.localAssert (node_modules/supertest/lib/test.js:120:14)

  ΓùÅ POST /api/auth/register ΓÇ║ should return 400 when required fields are missing

    expected 400 "Bad Request", got 422 "Unprocessable Entity"

    [0m [90m 77 |[39m       [33m.[39mpost([32m'/api/auth/register'[39m)
     [90m 78 |[39m       [33m.[39msend({ email[33m:[39m [32m'incomplete@example.com'[39m })
    [31m[1m>[22m[39m[90m 79 |[39m       [33m.[39mexpect([35m400[39m)[33m;[39m
     [90m    |[39m        [31m[1m^[22m[39m
     [90m 80 |[39m
     [90m 81 |[39m     expect(res[33m.[39mbody[33m.[39msuccess)[33m.[39mtoBe([36mfalse[39m)[33m;[39m
     [90m 82 |[39m   })[33m;[39m[0m

      at Object.expect (tests/auth.test.js:79:8)
      ----
      at Test._assertStatus (node_modules/supertest/lib/test.js:252:14)
      at node_modules/supertest/lib/test.js:308:13
      at Test._assertFunction (node_modules/supertest/lib/test.js:285:13)
      at Test.assert (node_modules/supertest/lib/test.js:164:23)
      at Server.localAssert (node_modules/supertest/lib/test.js:120:14)

  ΓùÅ POST /api/auth/register ΓÇ║ should register an admin user for subsequent role tests

    expected 201 "Created", got 422 "Unprocessable Entity"

    [0m [90m 86 |[39m       [33m.[39mpost([32m'/api/auth/register'[39m)
     [90m 87 |[39m       [33m.[39msend(adminUser)
    [31m[1m>[22m[39m[90m 88 |[39m       [33m.[39mexpect([35m201[39m)[33m;[39m
     [90m    |[39m        [31m[1m^[22m[39m
     [90m 89 |[39m
     [90m 90 |[39m     expect(res[33m.[39mbody[33m.[39msuccess)[33m.[39mtoBe([36mtrue[39m)[33m;[39m
     [90m 91 |[39m     adminUserId [33m=[39m 
res[33m.[39mbody[33m.[39mdata[33m?[39m[33m.[39muser[33m?[39m[33m.[39m_id [33m||[39m 
[32m''[39m[33m;[39m[0m

      at Object.expect (tests/auth.test.js:88:8)
      ----
      at Test._assertStatus (node_modules/supertest/lib/test.js:252:14)
      at node_modules/supertest/lib/test.js:308:13
      at Test._assertFunction (node_modules/supertest/lib/test.js:285:13)
      at Test.assert (node_modules/supertest/lib/test.js:164:23)
      at Server.localAssert (node_modules/supertest/lib/test.js:120:14)

  ΓùÅ POST /api/auth/login ΓÇ║ should login the admin user and save admin token

    expected 200 "OK", got 401 "Unauthorized"

    [0m [90m 117 |[39m       [33m.[39mpost([32m'/api/auth/login'[39m)
     [90m 118 |[39m       [33m.[39msend({ email[33m:[39m adminUser[33m.[39memail[33m,[39m 
password[33m:[39m adminUser[33m.[39mpassword })
    [31m[1m>[22m[39m[90m 119 |[39m       [33m.[39mexpect([35m200[39m)[33m;[39m
     [90m     |[39m        [31m[1m^[22m[39m
     [90m 120 |[39m
     [90m 121 |[39m     expect(res[33m.[39mbody[33m.[39msuccess)[33m.[39mtoBe([36mtrue[39m)[33m;[39m
     [90m 122 |[39m     adminToken [33m=[39m res[33m.[39mbody[33m.[39mdata[33m.[39maccessToken[33m;[39m[0m

      at Object.expect (tests/auth.test.js:119:8)
      ----
      at Test._assertStatus (node_modules/supertest/lib/test.js:252:14)
      at node_modules/supertest/lib/test.js:308:13
      at Test._assertFunction (node_modules/supertest/lib/test.js:285:13)
      at Test.assert (node_modules/supertest/lib/test.js:164:23)
      at Server.localAssert (node_modules/supertest/lib/test.js:120:14)

  ΓùÅ GET /api/users/me ΓÇö protected route ΓÇ║ should return the current user profile with a valid token

    expected 200 "OK", got 422 "Unprocessable Entity"

    [0m [90m 167 |[39m       [33m.[39m[36mget[39m([32m'/api/users/me'[39m)
     [90m 168 |[39m       [33m.[39m[36mset[39m([32m'Authorization'[39m[33m,[39m [32m`Bearer 
${accessToken}`[39m)
    [31m[1m>[22m[39m[90m 169 |[39m       [33m.[39mexpect([35m200[39m)[33m;[39m
     [90m     |[39m        [31m[1m^[22m[39m
     [90m 170 |[39m
     [90m 171 |[39m     expect(res[33m.[39mbody[33m.[39msuccess)[33m.[39mtoBe([36mtrue[39m)[33m;[39m
     [90m 172 |[39m     expect(res[33m.[39mbody[33m.[39mdata[33m?[39m[33m.[39muser[33m?[39m[33m.[39memail
)[33m.[39mtoBe(testUser[33m.[39memail)[33m;[39m[0m

      at Object.expect (tests/auth.test.js:169:8)
      ----
      at Test._assertStatus (node_modules/supertest/lib/test.js:252:14)
      at node_modules/supertest/lib/test.js:308:13
      at Test._assertFunction (node_modules/supertest/lib/test.js:285:13)
      at Test.assert (node_modules/supertest/lib/test.js:164:23)
      at Server.localAssert (node_modules/supertest/lib/test.js:120:14)

  ΓùÅ GET /api/admin/dashboard-summary ΓÇö admin-only route ΓÇ║ should return 200 with dashboard data when accessed by 
an admin

    expected 200 "OK", got 401 "Unauthorized"

    [0m [90m 218 |[39m       [33m.[39m[36mget[39m([32m'/api/admin/dashboard-summary'[39m)
     [90m 219 |[39m       [33m.[39m[36mset[39m([32m'Authorization'[39m[33m,[39m [32m`Bearer 
${adminToken}`[39m)
    [31m[1m>[22m[39m[90m 220 |[39m       [33m.[39mexpect([35m200[39m)[33m;[39m
     [90m     |[39m        [31m[1m^[22m[39m
     [90m 221 |[39m
     [90m 222 |[39m     expect(res[33m.[39mbody[33m.[39msuccess)[33m.[39mtoBe([36mtrue[39m)[33m;[39m
     [90m 223 |[39m   })[33m;[39m[0m

      at Object.expect (tests/auth.test.js:220:8)
      ----
      at Test._assertStatus (node_modules/supertest/lib/test.js:252:14)
      at node_modules/supertest/lib/test.js:308:13
      at Test._assertFunction (node_modules/supertest/lib/test.js:285:13)
      at Test.assert (node_modules/supertest/lib/test.js:164:23)
      at Server.localAssert (node_modules/supertest/lib/test.js:120:14)

----------------------------|---------|----------|---------|---------|------------------------------------------------------------
File                        | % Stmts | % Branch | % Funcs | % Lines | Uncovered Line #s                                          
----------------------------|---------|----------|---------|---------|------------------------------------------------------------
All files                   |   40.86 |     9.45 |   17.91 |   44.05 |                                                            
 backend                    |   77.88 |    58.33 |   21.42 |   81.81 |                                                            
  server.js                 |   77.88 |    58.33 |   21.42 |   81.81 | 64,116-118,139,151,174,224-225,231-238,245,248-249         
 backend/config             |   40.42 |    12.65 |   45.45 |    43.8 |                                                            
  corsOrigins.js            |   38.09 |     6.25 |      40 |   43.75 | 12-26,36-45                                                
  cron.js                   |   42.85 |        0 |   33.33 |   42.85 | 14-28,34-66                                                
  db.js                     |   44.82 |    16.66 |      50 |   44.82 | 18-40,56,60-64                                             
  envShared.js              |   45.45 |    26.66 |      50 |      50 | 6,16-18                                                    
  logger.js                 |      75 |       25 |       0 |      75 | 21-22                                                      
  swagger.js                |      75 |       50 |      50 |   81.81 | 181-182                                                    
  validateEnv.js            |   17.94 |     5.88 |   66.66 |   17.85 | 14-32,42-53                                                
 backend/controllers        |   21.58 |     4.56 |    7.24 |   23.95 |                                                            
  adminController.js        |   19.04 |        0 |       0 |   22.53 | 17-37,48-51,56-70,79-86,91-191,201-216,224-230,235-245     
  authController.js         |   60.41 |     37.5 |    62.5 |   66.66 | 78,112,118,148-149,157-173,182-205                         
  chatController.js         |   14.51 |        0 |       0 |   15.25 | 12-60,69-97,109-119,127-149,154-160                        
  donationController.js     |   13.04 |        0 |       0 |   13.95 | 12-15,20-50,59-112,130-136,144-205,214-233,241-258,270-281 
  feedbackController.js     |      15 |        0 |       0 |   17.64 | 12-42,51-89,101-104,109-123,128-136                        
  matchingController.js     |   26.66 |        0 |       0 |   29.62 | 42-56,64-78,87-88,97-105                                   
  notificationController.js |    25.8 |        0 |       0 |   29.62 | 11-26,38-46,51-56,61-68,73-74                              
  pickupController.js       |   11.22 |        0 |       0 |   12.22 | 14-85,94-203,212-226,234-237,242-258                       
  requestController.js      |   11.76 |        0 |       0 |   12.76 | 12-14,19-73,82-105,116-119,124-172,181-214,223-247         
  userController.js         |   19.04 |        0 |       0 |   21.81 | 26-27,41-61,66-77,83-111,116-121,126-134                   
 backend/middleware         |   56.54 |     30.3 |   41.93 |   58.33 |                                                            
  auth.js                   |   59.09 |    40.62 |      75 |   59.09 | 23,40,47,66-73,88,101,110-128                              
  donationMultipart.js      |      15 |        0 |       0 |      15 | 11-36                                                      
  error.js                  |   60.71 |    45.83 |   38.46 |   67.34 | 32-33,37-40,44-46,50,53,57,78-79,103,123                   
  rateLimiter.js            |     100 |       50 |     100 |     100 | 16-17                                                      
  upload.js                 |    42.5 |       10 |   16.66 |   44.73 | 25-35,41-45,63-72,81-83                                    
  validate.js               |   86.36 |       40 |      75 |   85.71 | 92-95                                                      
 backend/models             |   77.77 |    16.66 |   21.42 |   77.55 |                                                            
  Donation.js               |   63.15 |        0 |       0 |   63.15 | 201-205,210,215-219                                        
  Feedback.js               |   71.42 |        0 |       0 |   71.42 | 107-109,114-118                                            
  Message.js                |   64.28 |        0 |       0 |   64.28 | 82-84,89-90,103                                            
  Notification.js           |     100 |      100 |     100 |     100 |                                                            
  Pickup.js                 |   83.33 |      100 |       0 |   83.33 | 121-124                                                    
  Request.js                |      80 |      100 |       0 |      80 | 72-74                                                      
  User.js                   |   91.66 |      100 |      75 |    91.3 | 135,155                                                    
 backend/routes             |    98.5 |      100 |       0 |   99.24 |                                                            
  adminRoutes.js            |     100 |      100 |     100 |     100 |                                                            
  authRoutes.js             |     100 |      100 |     100 |     100 |                                                            
  chatRoutes.js             |     100 |      100 |     100 |     100 |                                                            
  donationRoutes.js         |     100 |      100 |     100 |     100 |                                                            
  feedbackRoutes.js         |     100 |      100 |     100 |     100 |                                                            
  matchingRoutes.js         |     100 |      100 |     100 |     100 |                                                            
  notificationRoutes.js     |     100 |      100 |     100 |     100 |                                                            
  pickupRoutes.js           |     100 |      100 |     100 |     100 |                                                            
  requestRoutes.js          |     100 |      100 |     100 |     100 |                                                            
  userRoutes.js             |   89.47 |      100 |       0 |   94.44 | 35                                                         
 backend/services           |   16.43 |        0 |       0 |   17.91 |                                                            
  matchingService.js        |   16.43 |        0 |       0 |   17.91 | 26-72,83-128,140-184,189,205-211                           
 backend/sockets            |   22.22 |        0 |    4.54 |   24.76 |                                                            
  chatSocket.js             |   18.18 |        0 |       0 |      20 | 16-52                                                      
  index.js                  |    31.7 |        0 |   16.66 |   34.21 | 24-39,45-74                                                
  locationSocket.js         |   18.18 |        0 |       0 |   22.22 | 34-101                                                     
  notificationSocket.js     |   14.28 |        0 |       0 |      15 | 13-48                                                      
 backend/utils              |   27.08 |        0 |       0 |   33.33 |                                                            
  apiResponse.js            |   33.33 |        0 |       0 |      40 | 12-15,22,41                                                
  helpers.js                |      25 |        0 |       0 |   31.03 | 11-14,21-27,35-36,46,53-57,69-71                           
 backend/validations        |   58.82 |    33.33 |   33.33 |    62.5 |                                                            
  authValidation.js         |     100 |      100 |     100 |     100 |                                                            
  joiMiddleware.js          |   36.36 |    33.33 |   33.33 |      40 | 15-28                                                      
----------------------------|---------|----------|---------|---------|------------------------------------------------------------
Test Suites: 1 failed, 1 total
Tests:       6 failed, 11 passed, 17 total
Snapshots:   0 total
Time:        25.685 s
Ran all test suites matching /auth.test.js/i.
Force exiting Jest: Have you considered using `--detectOpenHandles` to detect async operations that kept running after 
all tests finished?
